// Jest Snapshot v1, https://goo.gl/fbAQLP

exports[`Card component should be matches snapshot 1`] = `
<DocumentFragment>
  <style
    data-mantine-styles="classes"
  >
    @media (max-width: 35.99375em) {.mantine-visible-from-xs {display: none !important;}}@media (min-width: 36em) {.mantine-hidden-from-xs {display: none !important;}}@media (max-width: 47.99375em) {.mantine-visible-from-sm {display: none !important;}}@media (min-width: 48em) {.mantine-hidden-from-sm {display: none !important;}}@media (max-width: 61.99375em) {.mantine-visible-from-md {display: none !important;}}@media (min-width: 62em) {.mantine-hidden-from-md {display: none !important;}}@media (max-width: 74.99375em) {.mantine-visible-from-lg {display: none !important;}}@media (min-width: 75em) {.mantine-hidden-from-lg {display: none !important;}}@media (max-width: 87.99375em) {.mantine-visible-from-xl {display: none !important;}}@media (min-width: 88em) {.mantine-hidden-from-xl {display: none !important;}}
  </style>
  <div
    class="m_e615b15f mantine-Card-root m_1b7284a3 mantine-Paper-root"
    draggable="true"
    style="--paper-shadow: var(--mantine-shadow-md); --card-padding: var(--mantine-spacing-lg);"
  >
    <p
      class="mantine-focus-auto m_b6d8b162 mantine-Text-root"
      style="font-style: 500;"
    >
      Test Task
    </p>
    <p
      class="mantine-focus-auto m_b6d8b162 mantine-Text-root"
    >
      Label1, Label2
    </p>
    <p
      class="mantine-focus-auto m_b6d8b162 mantine-Text-root"
    >
      This is a test task description
    </p>
    <p
      class="mantine-focus-auto m_b6d8b162 mantine-Text-root"
    >
      12/31/2023
    </p>
  </div>
</DocumentFragment>
`;
