// Jest Snapshot v1, https://goo.gl/fbAQLP

exports[`Input component should be matches snapshot 1`] = `
<DocumentFragment>
  <style
    data-mantine-styles="classes"
  >
    @media (max-width: 35.99375em) {.mantine-visible-from-xs {display: none !important;}}@media (min-width: 36em) {.mantine-hidden-from-xs {display: none !important;}}@media (max-width: 47.99375em) {.mantine-visible-from-sm {display: none !important;}}@media (min-width: 48em) {.mantine-hidden-from-sm {display: none !important;}}@media (max-width: 61.99375em) {.mantine-visible-from-md {display: none !important;}}@media (min-width: 62em) {.mantine-hidden-from-md {display: none !important;}}@media (max-width: 74.99375em) {.mantine-visible-from-lg {display: none !important;}}@media (min-width: 75em) {.mantine-hidden-from-lg {display: none !important;}}@media (max-width: 87.99375em) {.mantine-visible-from-xl {display: none !important;}}@media (min-width: 88em) {.mantine-hidden-from-xl {display: none !important;}}
  </style>
  <div
    class="m_6c018570 mantine-Input-wrapper"
    data-pointer="true"
    data-variant="default"
    style="--input-left-section-pointer-events: none; --input-right-section-pointer-events: none;"
  >
    <input
      aria-invalid="false"
      class="m_8fb7ebe7 mantine-Input-input"
      data-variant="default"
      placeholder="Email"
      value=""
    />
  </div>
</DocumentFragment>
`;

exports[`Input component should calls onChange when input value changes 1`] = `
<div>
  <style
    data-mantine-styles="classes"
  >
    @media (max-width: 35.99375em) {.mantine-visible-from-xs {display: none !important;}}@media (min-width: 36em) {.mantine-hidden-from-xs {display: none !important;}}@media (max-width: 47.99375em) {.mantine-visible-from-sm {display: none !important;}}@media (min-width: 48em) {.mantine-hidden-from-sm {display: none !important;}}@media (max-width: 61.99375em) {.mantine-visible-from-md {display: none !important;}}@media (min-width: 62em) {.mantine-hidden-from-md {display: none !important;}}@media (max-width: 74.99375em) {.mantine-visible-from-lg {display: none !important;}}@media (min-width: 75em) {.mantine-hidden-from-lg {display: none !important;}}@media (max-width: 87.99375em) {.mantine-visible-from-xl {display: none !important;}}@media (min-width: 88em) {.mantine-hidden-from-xl {display: none !important;}}
  </style>
  <div
    class="m_6c018570 mantine-Input-wrapper"
    data-pointer="true"
    data-variant="default"
    style="--input-left-section-pointer-events: none; --input-right-section-pointer-events: none;"
  >
    <input
      aria-invalid="false"
      class="m_8fb7ebe7 mantine-Input-input"
      data-testid="input-email"
      data-variant="default"
      placeholder="Email"
      value=""
    />
  </div>
</div>
`;
